Archive member included to satisfy reference by file (symbol)

c:/st/stm32cubeide_1.12.1/stm32cubeide/plugins/com.st.stm32cube.ide.mcu.externaltools.gnu-tools-for-stm32.10.3-2021.10.win32_1.0.200.202301161003/tools/bin/../lib/gcc/arm-none-eabi/10.3.1/../../../../arm-none-eabi/lib/thumb/v7-m/nofp\libc_nano.a(lib_a-errno.o)
                              ./Core/Src/syscalls.o (__errno)
c:/st/stm32cubeide_1.12.1/stm32cubeide/plugins/com.st.stm32cube.ide.mcu.externaltools.gnu-tools-for-stm32.10.3-2021.10.win32_1.0.200.202301161003/tools/bin/../lib/gcc/arm-none-eabi/10.3.1/../../../../arm-none-eabi/lib/thumb/v7-m/nofp\libc_nano.a(lib_a-exit.o)
                              c:/st/stm32cubeide_1.12.1/stm32cubeide/plugins/com.st.stm32cube.ide.mcu.externaltools.gnu-tools-for-stm32.10.3-2021.10.win32_1.0.200.202301161003/tools/bin/../lib/gcc/arm-none-eabi/10.3.1/../../../../arm-none-eabi/lib/thumb/v7-m/nofp/crt0.o (exit)
c:/st/stm32cubeide_1.12.1/stm32cubeide/plugins/com.st.stm32cube.ide.mcu.externaltools.gnu-tools-for-stm32.10.3-2021.10.win32_1.0.200.202301161003/tools/bin/../lib/gcc/arm-none-eabi/10.3.1/../../../../arm-none-eabi/lib/thumb/v7-m/nofp\libc_nano.a(lib_a-impure.o)
                              c:/st/stm32cubeide_1.12.1/stm32cubeide/plugins/com.st.stm32cube.ide.mcu.externaltools.gnu-tools-for-stm32.10.3-2021.10.win32_1.0.200.202301161003/tools/bin/../lib/gcc/arm-none-eabi/10.3.1/../../../../arm-none-eabi/lib/thumb/v7-m/nofp\libc_nano.a(lib_a-exit.o) (_global_impure_ptr)
c:/st/stm32cubeide_1.12.1/stm32cubeide/plugins/com.st.stm32cube.ide.mcu.externaltools.gnu-tools-for-stm32.10.3-2021.10.win32_1.0.200.202301161003/tools/bin/../lib/gcc/arm-none-eabi/10.3.1/../../../../arm-none-eabi/lib/thumb/v7-m/nofp\libc_nano.a(lib_a-init.o)
                              c:/st/stm32cubeide_1.12.1/stm32cubeide/plugins/com.st.stm32cube.ide.mcu.externaltools.gnu-tools-for-stm32.10.3-2021.10.win32_1.0.200.202301161003/tools/bin/../lib/gcc/arm-none-eabi/10.3.1/../../../../arm-none-eabi/lib/thumb/v7-m/nofp/crt0.o (__libc_init_array)
c:/st/stm32cubeide_1.12.1/stm32cubeide/plugins/com.st.stm32cube.ide.mcu.externaltools.gnu-tools-for-stm32.10.3-2021.10.win32_1.0.200.202301161003/tools/bin/../lib/gcc/arm-none-eabi/10.3.1/../../../../arm-none-eabi/lib/thumb/v7-m/nofp\libc_nano.a(lib_a-memset.o)
                              c:/st/stm32cubeide_1.12.1/stm32cubeide/plugins/com.st.stm32cube.ide.mcu.externaltools.gnu-tools-for-stm32.10.3-2021.10.win32_1.0.200.202301161003/tools/bin/../lib/gcc/arm-none-eabi/10.3.1/../../../../arm-none-eabi/lib/thumb/v7-m/nofp/crt0.o (memset)

Discarded input sections

 .text          0x0000000000000000        0x0 c:/st/stm32cubeide_1.12.1/stm32cubeide/plugins/com.st.stm32cube.ide.mcu.externaltools.gnu-tools-for-stm32.10.3-2021.10.win32_1.0.200.202301161003/tools/bin/../lib/gcc/arm-none-eabi/10.3.1/thumb/v7-m/nofp/crti.o
 .data          0x0000000000000000        0x0 c:/st/stm32cubeide_1.12.1/stm32cubeide/plugins/com.st.stm32cube.ide.mcu.externaltools.gnu-tools-for-stm32.10.3-2021.10.win32_1.0.200.202301161003/tools/bin/../lib/gcc/arm-none-eabi/10.3.1/thumb/v7-m/nofp/crti.o
 .bss           0x0000000000000000        0x0 c:/st/stm32cubeide_1.12.1/stm32cubeide/plugins/com.st.stm32cube.ide.mcu.externaltools.gnu-tools-for-stm32.10.3-2021.10.win32_1.0.200.202301161003/tools/bin/../lib/gcc/arm-none-eabi/10.3.1/thumb/v7-m/nofp/crti.o
 .data          0x0000000000000000        0x4 c:/st/stm32cubeide_1.12.1/stm32cubeide/plugins/com.st.stm32cube.ide.mcu.externaltools.gnu-tools-for-stm32.10.3-2021.10.win32_1.0.200.202301161003/tools/bin/../lib/gcc/arm-none-eabi/10.3.1/thumb/v7-m/nofp/crtbegin.o
 .rodata        0x0000000000000000       0x24 c:/st/stm32cubeide_1.12.1/stm32cubeide/plugins/com.st.stm32cube.ide.mcu.externaltools.gnu-tools-for-stm32.10.3-2021.10.win32_1.0.200.202301161003/tools/bin/../lib/gcc/arm-none-eabi/10.3.1/thumb/v7-m/nofp/crtbegin.o
 .text          0x0000000000000000       0x7c c:/st/stm32cubeide_1.12.1/stm32cubeide/plugins/com.st.stm32cube.ide.mcu.externaltools.gnu-tools-for-stm32.10.3-2021.10.win32_1.0.200.202301161003/tools/bin/../lib/gcc/arm-none-eabi/10.3.1/../../../../arm-none-eabi/lib/thumb/v7-m/nofp/crt0.o
 .data          0x0000000000000000        0x0 c:/st/stm32cubeide_1.12.1/stm32cubeide/plugins/com.st.stm32cube.ide.mcu.externaltools.gnu-tools-for-stm32.10.3-2021.10.win32_1.0.200.202301161003/tools/bin/../lib/gcc/arm-none-eabi/10.3.1/../../../../arm-none-eabi/lib/thumb/v7-m/nofp/crt0.o
 .bss           0x0000000000000000        0x0 c:/st/stm32cubeide_1.12.1/stm32cubeide/plugins/com.st.stm32cube.ide.mcu.externaltools.gnu-tools-for-stm32.10.3-2021.10.win32_1.0.200.202301161003/tools/bin/../lib/gcc/arm-none-eabi/10.3.1/../../../../arm-none-eabi/lib/thumb/v7-m/nofp/crt0.o
[...]
Memory Configuration

Name             Origin             Length             Attributes
RAM              0x0000000020000000 0x0000000000005000 xrw
FLASH            0x0000000008000000 0x0000000000010000 xr
*default*        0x0000000000000000 0xffffffffffffffff

Linker script and memory map

LOAD c:/st/stm32cubeide_1.12.1/stm32cubeide/plugins/com.st.stm32cube.ide.mcu.externaltools.gnu-tools-for-stm32.10.3-2021.10.win32_1.0.200.202301161003/tools/bin/../lib/gcc/arm-none-eabi/10.3.1/thumb/v7-m/nofp/crti.o
LOAD c:/st/stm32cubeide_1.12.1/stm32cubeide/plugins/com.st.stm32cube.ide.mcu.externaltools.gnu-tools-for-stm32.10.3-2021.10.win32_1.0.200.202301161003/tools/bin/../lib/gcc/arm-none-eabi/10.3.1/thumb/v7-m/nofp/crtbegin.o
LOAD c:/st/stm32cubeide_1.12.1/stm32cubeide/plugins/com.st.stm32cube.ide.mcu.externaltools.gnu-tools-for-stm32.10.3-2021.10.win32_1.0.200.202301161003/tools/bin/../lib/gcc/arm-none-eabi/10.3.1/../../../../arm-none-eabi/lib/thumb/v7-m/nofp/crt0.o
LOAD ./Core/Src/main.o
LOAD ./Core/Src/stm32f1xx_hal_msp.o
LOAD ./Core/Src/stm32f1xx_it.o
LOAD ./Core/Src/syscalls.o
LOAD ./Core/Src/sysmem.o
LOAD ./Core/Src/system_stm32f1xx.o
LOAD ./Core/Startup/startup_stm32f103c8tx.o
LOAD ./Drivers/STM32F1xx_HAL_Driver/Src/stm32f1xx_hal.o
LOAD ./Drivers/STM32F1xx_HAL_Driver/Src/stm32f1xx_hal_cortex.o
LOAD ./Drivers/STM32F1xx_HAL_Driver/Src/stm32f1xx_hal_dma.o
LOAD ./Drivers/STM32F1xx_HAL_Driver/Src/stm32f1xx_hal_exti.o
LOAD ./Drivers/STM32F1xx_HAL_Driver/Src/stm32f1xx_hal_flash.o
LOAD ./Drivers/STM32F1xx_HAL_Driver/Src/stm32f1xx_hal_flash_ex.o
LOAD ./Drivers/STM32F1xx_HAL_Driver/Src/stm32f1xx_hal_gpio.o
LOAD ./Drivers/STM32F1xx_HAL_Driver/Src/stm32f1xx_hal_gpio_ex.o
LOAD ./Drivers/STM32F1xx_HAL_Driver/Src/stm32f1xx_hal_i2c.o
LOAD ./Drivers/STM32F1xx_HAL_Driver/Src/stm32f1xx_hal_pwr.o
LOAD ./Drivers/STM32F1xx_HAL_Driver/Src/stm32f1xx_hal_rcc.o
LOAD ./Drivers/STM32F1xx_HAL_Driver/Src/stm32f1xx_hal_rcc_ex.o
LOAD ./Drivers/STM32F1xx_HAL_Driver/Src/stm32f1xx_hal_tim.o
LOAD ./Drivers/STM32F1xx_HAL_Driver/Src/stm32f1xx_hal_tim_ex.o
LOAD ./ECUAL/I2C_LCD/I2C_LCD.o
LOAD ./ECUAL/I2C_LCD/I2C_LCD_cfg.o
LOAD ./util/Util.o
START GROUP
LOAD c:/st/stm32cubeide_1.12.1/stm32cubeide/plugins/com.st.stm32cube.ide.mcu.externaltools.gnu-tools-for-stm32.10.3-2021.10.win32_1.0.200.202301161003/tools/bin/../lib/gcc/arm-none-eabi/10.3.1/../../../../arm-none-eabi/lib/thumb/v7-m/nofp\libc_nano.a
LOAD c:/st/stm32cubeide_1.12.1/stm32cubeide/plugins/com.st.stm32cube.ide.mcu.externaltools.gnu-tools-for-stm32.10.3-2021.10.win32_1.0.200.202301161003/tools/bin/../lib/gcc/arm-none-eabi/10.3.1/../../../../arm-none-eabi/lib/thumb/v7-m/nofp\libm.a
END GROUP
START GROUP
LOAD c:/st/stm32cubeide_1.12.1/stm32cubeide/plugins/com.st.stm32cube.ide.mcu.externaltools.gnu-tools-for-stm32.10.3-2021.10.win32_1.0.200.202301161003/tools/bin/../lib/gcc/arm-none-eabi/10.3.1/thumb/v7-m/nofp\libgcc.a
LOAD c:/st/stm32cubeide_1.12.1/stm32cubeide/plugins/com.st.stm32cube.ide.mcu.externaltools.gnu-tools-for-stm32.10.3-2021.10.win32_1.0.200.202301161003/tools/bin/../lib/gcc/arm-none-eabi/10.3.1/../../../../arm-none-eabi/lib/thumb/v7-m/nofp\libc_nano.a
END GROUP
START GROUP
LOAD c:/st/stm32cubeide_1.12.1/stm32cubeide/plugins/com.st.stm32cube.ide.mcu.externaltools.gnu-tools-for-stm32.10.3-2021.10.win32_1.0.200.202301161003/tools/bin/../lib/gcc/arm-none-eabi/10.3.1/thumb/v7-m/nofp\libgcc.a
LOAD c:/st/stm32cubeide_1.12.1/stm32cubeide/plugins/com.st.stm32cube.ide.mcu.externaltools.gnu-tools-for-stm32.10.3-2021.10.win32_1.0.200.202301161003/tools/bin/../lib/gcc/arm-none-eabi/10.3.1/../../../../arm-none-eabi/lib/thumb/v7-m/nofp\libc_nano.a
LOAD c:/st/stm32cubeide_1.12.1/stm32cubeide/plugins/com.st.stm32cube.ide.mcu.externaltools.gnu-tools-for-stm32.10.3-2021.10.win32_1.0.200.202301161003/tools/bin/../lib/gcc/arm-none-eabi/10.3.1/../../../../arm-none-eabi/lib/thumb/v7-m/nofp\libnosys.a
END GROUP
START GROUP
LOAD c:/st/stm32cubeide_1.12.1/stm32cubeide/plugins/com.st.stm32cube.ide.mcu.externaltools.gnu-tools-for-stm32.10.3-2021.10.win32_1.0.200.202301161003/tools/bin/../lib/gcc/arm-none-eabi/10.3.1/thumb/v7-m/nofp\libgcc.a
LOAD c:/st/stm32cubeide_1.12.1/stm32cubeide/plugins/com.st.stm32cube.ide.mcu.externaltools.gnu-tools-for-stm32.10.3-2021.10.win32_1.0.200.202301161003/tools/bin/../lib/gcc/arm-none-eabi/10.3.1/../../../../arm-none-eabi/lib/thumb/v7-m/nofp\libc_nano.a
LOAD c:/st/stm32cubeide_1.12.1/stm32cubeide/plugins/com.st.stm32cube.ide.mcu.externaltools.gnu-tools-for-stm32.10.3-2021.10.win32_1.0.200.202301161003/tools/bin/../lib/gcc/arm-none-eabi/10.3.1/../../../../arm-none-eabi/lib/thumb/v7-m/nofp\libnosys.a
END GROUP
LOAD c:/st/stm32cubeide_1.12.1/stm32cubeide/plugins/com.st.stm32cube.ide.mcu.externaltools.gnu-tools-for-stm32.10.3-2021.10.win32_1.0.200.202301161003/tools/bin/../lib/gcc/arm-none-eabi/10.3.1/thumb/v7-m/nofp/crtend.o
LOAD c:/st/stm32cubeide_1.12.1/stm32cubeide/plugins/com.st.stm32cube.ide.mcu.externaltools.gnu-tools-for-stm32.10.3-2021.10.win32_1.0.200.202301161003/tools/bin/../lib/gcc/arm-none-eabi/10.3.1/thumb/v7-m/nofp/crtn.o
                0x0000000020005000                _estack = (ORIGIN (RAM) + LENGTH (RAM))
                0x0000000000000200                _Min_Heap_Size = 0x200
                0x0000000000000400                _Min_Stack_Size = 0x400

.isr_vector     0x0000000008000000      0x10c
                0x0000000008000000                . = ALIGN (0x4)
 *(.isr_vector)
 .isr_vector    0x0000000008000000      0x10c ./Core/Startup/startup_stm32f103c8tx.o
                0x0000000008000000                g_pfnVectors
                0x000000000800010c                . = ALIGN (0x4)

.text           0x000000000800010c     0x22c0
                0x000000000800010c                . = ALIGN (0x4)
 *(.text)
 .text          0x000000000800010c       0x40 c:/st/stm32cubeide_1.12.1/stm32cubeide/plugins/com.st.stm32cube.ide.mcu.externaltools.gnu-tools-for-stm32.10.3-2021.10.win32_1.0.200.202301161003/tools/bin/../lib/gcc/arm-none-eabi/10.3.1/thumb/v7-m/nofp/crtbegin.o
 *(.text*)
 .text.main     0x000000000800014c      0x140 ./Core/Src/main.o
                0x000000000800014c                main
 .text.SystemClock_Config
                0x000000000800028c       0x8a ./Core/Src/main.o
                0x000000000800028c                SystemClock_Config
 *fill*         0x0000000008000316        0x2 
 .text.MX_I2C1_Init
                0x0000000008000318       0x5c ./Core/Src/main.o
 .text.MX_GPIO_Init
                0x0000000008000374       0x44 ./Core/Src/main.o
 .text.Error_Handler
                0x00000000080003b8        0xa ./Core/Src/main.o
                0x00000000080003b8                Error_Handler
 *fill*         0x00000000080003c2        0x2 
 .text.HAL_MspInit
                0x00000000080003c4       0x44 ./Core/Src/stm32f1xx_hal_msp.o
                0x00000000080003c4                HAL_MspInit
 .text.HAL_I2C_MspInit
                0x0000000008000408       0x7c ./Core/Src/stm32f1xx_hal_msp.o
                0x0000000008000408                HAL_I2C_MspInit
 .text.NMI_Handler
                0x0000000008000484        0x6 ./Core/Src/stm32f1xx_it.o
                0x0000000008000484                NMI_Handler
 .text.HardFault_Handler
                0x000000000800048a        0x6 ./Core/Src/stm32f1xx_it.o
                0x000000000800048a                HardFault_Handler
 .text.MemManage_Handler
                0x0000000008000490        0x6 ./Core/Src/stm32f1xx_it.o
                0x0000000008000490                MemManage_Handler
 .text.BusFault_Handler
                0x0000000008000496        0x6 ./Core/Src/stm32f1xx_it.o
                0x0000000008000496                BusFault_Handler
 .text.UsageFault_Handler
                0x000000000800049c        0x6 ./Core/Src/stm32f1xx_it.o
                0x000000000800049c                UsageFault_Handler
 .text.SVC_Handler
                0x00000000080004a2        0xc ./Core/Src/stm32f1xx_it.o
                0x00000000080004a2                SVC_Handler
 .text.DebugMon_Handler
                0x00000000080004ae        0xc ./Core/Src/stm32f1xx_it.o
                0x00000000080004ae                DebugMon_Handler
 .text.PendSV_Handler
                0x00000000080004ba        0xc ./Core/Src/stm32f1xx_it.o
                0x00000000080004ba                PendSV_Handler
 .text.SysTick_Handler
                0x00000000080004c6        0xc ./Core/Src/stm32f1xx_it.o
                0x00000000080004c6                SysTick_Handler
 .text.SystemInit
                0x00000000080004d2        0xc ./Core/Src/system_stm32f1xx.o
                0x00000000080004d2                SystemInit
 *fill*         0x00000000080004de        0x2 
 .text.Reset_Handler
                0x00000000080004e0       0x48 ./Core/Startup/startup_stm32f103c8tx.o
                0x00000000080004e0                Reset_Handler
 .text.Default_Handler
                0x0000000008000528        0x2 ./Core/Startup/startup_stm32f103c8tx.o
                0x0000000008000528                RTC_Alarm_IRQHandler
                0x0000000008000528                EXTI2_IRQHandler
                0x0000000008000528                TIM1_CC_IRQHandler
                0x0000000008000528                PVD_IRQHandler
                0x0000000008000528                EXTI3_IRQHandler
                0x0000000008000528                EXTI0_IRQHandler
                0x0000000008000528                I2C2_EV_IRQHandler
                0x0000000008000528                ADC1_2_IRQHandler
                0x0000000008000528                SPI1_IRQHandler
                0x0000000008000528                TAMPER_IRQHandler
                0x0000000008000528                DMA1_Channel4_IRQHandler
                0x0000000008000528                USART3_IRQHandler
                0x0000000008000528                RTC_IRQHandler
                0x0000000008000528                DMA1_Channel7_IRQHandler
                0x0000000008000528                CAN1_RX1_IRQHandler
                0x0000000008000528                TIM4_IRQHandler
                0x0000000008000528                I2C1_EV_IRQHandler
                0x0000000008000528                DMA1_Channel6_IRQHandler
                0x0000000008000528                TIM3_IRQHandler
                0x0000000008000528                RCC_IRQHandler
                0x0000000008000528                TIM1_TRG_COM_IRQHandler
                0x0000000008000528                DMA1_Channel1_IRQHandler
                0x0000000008000528                Default_Handler
                0x0000000008000528                EXTI15_10_IRQHandler
                0x0000000008000528                EXTI9_5_IRQHandler
                0x0000000008000528                SPI2_IRQHandler
                0x0000000008000528                DMA1_Channel5_IRQHandler
                0x0000000008000528                EXTI4_IRQHandler
                0x0000000008000528                USB_LP_CAN1_RX0_IRQHandler
                0x0000000008000528                USB_HP_CAN1_TX_IRQHandler
                0x0000000008000528                DMA1_Channel3_IRQHandler
                0x0000000008000528                TIM1_UP_IRQHandler
                0x0000000008000528                WWDG_IRQHandler
                0x0000000008000528                TIM2_IRQHandler
                0x0000000008000528                TIM1_BRK_IRQHandler
                0x0000000008000528                EXTI1_IRQHandler
                0x0000000008000528                USART2_IRQHandler
                0x0000000008000528                I2C2_ER_IRQHandler
                0x0000000008000528                DMA1_Channel2_IRQHandler
                0x0000000008000528                CAN1_SCE_IRQHandler
                0x0000000008000528                FLASH_IRQHandler
                0x0000000008000528                USART1_IRQHandler
                0x0000000008000528                I2C1_ER_IRQHandler
                0x0000000008000528                USBWakeUp_IRQHandler
 *fill*         0x000000000800052a        0x2 
 .text.HAL_Init
                0x000000000800052c       0x2c ./Drivers/STM32F1xx_HAL_Driver/Src/stm32f1xx_hal.o
                0x000000000800052c                HAL_Init
 .text.HAL_InitTick
                0x0000000008000558       0x60 ./Drivers/STM32F1xx_HAL_Driver/Src/stm32f1xx_hal.o
                0x0000000008000558                HAL_InitTick
 .text.HAL_IncTick
                0x00000000080005b8       0x24 ./Drivers/STM32F1xx_HAL_Driver/Src/stm32f1xx_hal.o
                0x00000000080005b8                HAL_IncTick
 .text.HAL_GetTick
                0x00000000080005dc       0x14 ./Drivers/STM32F1xx_HAL_Driver/Src/stm32f1xx_hal.o
                0x00000000080005dc                HAL_GetTick
 .text.HAL_Delay
                0x00000000080005f0       0x48 ./Drivers/STM32F1xx_HAL_Driver/Src/stm32f1xx_hal.o
                0x00000000080005f0                HAL_Delay
 .text.__NVIC_SetPriorityGrouping
                0x0000000008000638       0x48 ./Drivers/STM32F1xx_HAL_Driver/Src/stm32f1xx_hal_cortex.o
 .text.__NVIC_GetPriorityGrouping
                0x0000000008000680       0x1c ./Drivers/STM32F1xx_HAL_Driver/Src/stm32f1xx_hal_cortex.o
 .text.__NVIC_SetPriority
                0x000000000800069c       0x54 ./Drivers/STM32F1xx_HAL_Driver/Src/stm32f1xx_hal_cortex.o
 .text.NVIC_EncodePriority
                0x00000000080006f0       0x64 ./Drivers/STM32F1xx_HAL_Driver/Src/stm32f1xx_hal_cortex.o
 .text.SysTick_Config
                0x0000000008000754       0x44 ./Drivers/STM32F1xx_HAL_Driver/Src/stm32f1xx_hal_cortex.o
 .text.HAL_NVIC_SetPriorityGrouping
                0x0000000008000798       0x16 ./Drivers/STM32F1xx_HAL_Driver/Src/stm32f1xx_hal_cortex.o
                0x0000000008000798                HAL_NVIC_SetPriorityGrouping
 .text.HAL_NVIC_SetPriority
                0x00000000080007ae       0x38 ./Drivers/STM32F1xx_HAL_Driver/Src/stm32f1xx_hal_cortex.o
                0x00000000080007ae                HAL_NVIC_SetPriority
 .text.HAL_SYSTICK_Config
                0x00000000080007e6       0x18 ./Drivers/STM32F1xx_HAL_Driver/Src/stm32f1xx_hal_cortex.o
                0x00000000080007e6                HAL_SYSTICK_Config
 *fill*         0x00000000080007fe        0x2 
 .text.HAL_GPIO_Init
                0x0000000008000800      0x308 ./Drivers/STM32F1xx_HAL_Driver/Src/stm32f1xx_hal_gpio.o
                0x0000000008000800                HAL_GPIO_Init
 .text.HAL_I2C_Init
                0x0000000008000b08      0x288 ./Drivers/STM32F1xx_HAL_Driver/Src/stm32f1xx_hal_i2c.o
                0x0000000008000b08                HAL_I2C_Init
 .text.HAL_I2C_Master_Transmit
                0x0000000008000d90      0x1fc ./Drivers/STM32F1xx_HAL_Driver/Src/stm32f1xx_hal_i2c.o
                0x0000000008000d90                HAL_I2C_Master_Transmit
 .text.I2C_MasterRequestWrite
                0x0000000008000f8c      0x104 ./Drivers/STM32F1xx_HAL_Driver/Src/stm32f1xx_hal_i2c.o
 .text.I2C_WaitOnFlagUntilTimeout
                0x0000000008001090       0xf4 ./Drivers/STM32F1xx_HAL_Driver/Src/stm32f1xx_hal_i2c.o
 .text.I2C_WaitOnMasterAddressFlagUntilTimeout
                0x0000000008001184      0x140 ./Drivers/STM32F1xx_HAL_Driver/Src/stm32f1xx_hal_i2c.o
 .text.I2C_WaitOnTXEFlagUntilTimeout
                0x00000000080012c4       0x90 ./Drivers/STM32F1xx_HAL_Driver/Src/stm32f1xx_hal_i2c.o
 .text.I2C_WaitOnBTFFlagUntilTimeout
                0x0000000008001354       0x90 ./Drivers/STM32F1xx_HAL_Driver/Src/stm32f1xx_hal_i2c.o
 .text.I2C_IsAcknowledgeFailed
                0x00000000080013e4       0x5c ./Drivers/STM32F1xx_HAL_Driver/Src/stm32f1xx_hal_i2c.o
 .text.HAL_RCC_OscConfig
                0x0000000008001440      0x504 ./Drivers/STM32F1xx_HAL_Driver/Src/stm32f1xx_hal_rcc.o
                0x0000000008001440                HAL_RCC_OscConfig
 .text.HAL_RCC_ClockConfig
                0x0000000008001944      0x1d4 ./Drivers/STM32F1xx_HAL_Driver/Src/stm32f1xx_hal_rcc.o
                0x0000000008001944                HAL_RCC_ClockConfig
 .text.HAL_RCC_GetSysClockFreq
                0x0000000008001b18       0xa8 ./Drivers/STM32F1xx_HAL_Driver/Src/stm32f1xx_hal_rcc.o
                0x0000000008001b18                HAL_RCC_GetSysClockFreq
 .text.HAL_RCC_GetHCLKFreq
                0x0000000008001bc0       0x14 ./Drivers/STM32F1xx_HAL_Driver/Src/stm32f1xx_hal_rcc.o
                0x0000000008001bc0                HAL_RCC_GetHCLKFreq
 .text.HAL_RCC_GetPCLK1Freq
                0x0000000008001bd4       0x28 ./Drivers/STM32F1xx_HAL_Driver/Src/stm32f1xx_hal_rcc.o
                0x0000000008001bd4                HAL_RCC_GetPCLK1Freq
 .text.RCC_Delay
                0x0000000008001bfc       0x3c ./Drivers/STM32F1xx_HAL_Driver/Src/stm32f1xx_hal_rcc.o
 .text.I2C_LCD_ExpanderWrite
                0x0000000008001c38       0x6c ./ECUAL/I2C_LCD/I2C_LCD.o
 .text.I2C_LCD_EnPulse
                0x0000000008001ca4       0xbc ./ECUAL/I2C_LCD/I2C_LCD.o
 .text.I2C_LCD_Write4Bits
                0x0000000008001d60       0x30 ./ECUAL/I2C_LCD/I2C_LCD.o
 .text.I2C_LCD_Send
                0x0000000008001d90       0x4c ./ECUAL/I2C_LCD/I2C_LCD.o
 .text.I2C_LCD_Cmd
                0x0000000008001ddc       0x24 ./ECUAL/I2C_LCD/I2C_LCD.o
 .text.I2C_LCD_Data
                0x0000000008001e00       0x24 ./ECUAL/I2C_LCD/I2C_LCD.o
 .text.I2C_LCD_Init
                0x0000000008001e24      0x15c ./ECUAL/I2C_LCD/I2C_LCD.o
                0x0000000008001e24                I2C_LCD_Init
 .text.I2C_LCD_Clear
                0x0000000008001f80       0x78 ./ECUAL/I2C_LCD/I2C_LCD.o
                0x0000000008001f80                I2C_LCD_Clear
 .text.I2C_LCD_SetCursor
                0x0000000008001ff8       0x84 ./ECUAL/I2C_LCD/I2C_LCD.o
                0x0000000008001ff8                I2C_LCD_SetCursor
 .text.I2C_LCD_WriteString
                0x000000000800207c       0x32 ./ECUAL/I2C_LCD/I2C_LCD.o
                0x000000000800207c                I2C_LCD_WriteString
 .text.I2C_LCD_ShiftLeft
                0x00000000080020ae       0x1c ./ECUAL/I2C_LCD/I2C_LCD.o
                0x00000000080020ae                I2C_LCD_ShiftLeft
 .text.I2C_LCD_ShiftRight
                0x00000000080020ca       0x1c ./ECUAL/I2C_LCD/I2C_LCD.o
                0x00000000080020ca                I2C_LCD_ShiftRight
 *fill*         0x00000000080020e6        0x2 
 .text.I2C_LCD_Backlight
                0x00000000080020e8       0x2c ./ECUAL/I2C_LCD/I2C_LCD.o
                0x00000000080020e8                I2C_LCD_Backlight
 .text.I2C_LCD_NoBacklight
                0x0000000008002114       0x2c ./ECUAL/I2C_LCD/I2C_LCD.o
                0x0000000008002114                I2C_LCD_NoBacklight
 .text.I2C_LCD_Display
                0x0000000008002140       0x44 ./ECUAL/I2C_LCD/I2C_LCD.o
                0x0000000008002140                I2C_LCD_Display
 .text.I2C_LCD_NoDisplay
                0x0000000008002184       0x44 ./ECUAL/I2C_LCD/I2C_LCD.o
                0x0000000008002184                I2C_LCD_NoDisplay
 .text.I2C_LCD_Cursor
                0x00000000080021c8       0x44 ./ECUAL/I2C_LCD/I2C_LCD.o
                0x00000000080021c8                I2C_LCD_Cursor
 .text.I2C_LCD_NoCursor
                0x000000000800220c       0x44 ./ECUAL/I2C_LCD/I2C_LCD.o
                0x000000000800220c                I2C_LCD_NoCursor
 .text.I2C_LCD_Blink
                0x0000000008002250       0x44 ./ECUAL/I2C_LCD/I2C_LCD.o
                0x0000000008002250                I2C_LCD_Blink
 .text.I2C_LCD_NoBlink
                0x0000000008002294       0x44 ./ECUAL/I2C_LCD/I2C_LCD.o
                0x0000000008002294                I2C_LCD_NoBlink
 .text.I2C_LCD_CreateCustomChar
                0x00000000080022d8       0x5e ./ECUAL/I2C_LCD/I2C_LCD.o
                0x00000000080022d8                I2C_LCD_CreateCustomChar
 .text.I2C_LCD_PrintCustomChar
                0x0000000008002336       0x24 ./ECUAL/I2C_LCD/I2C_LCD.o
                0x0000000008002336                I2C_LCD_PrintCustomChar
 *fill*         0x000000000800235a        0x2 
 .text.__libc_init_array
                0x000000000800235c       0x48 c:/st/stm32cubeide_1.12.1/stm32cubeide/plugins/com.st.stm32cube.ide.mcu.externaltools.gnu-tools-for-stm32.10.3-2021.10.win32_1.0.200.202301161003/tools/bin/../lib/gcc/arm-none-eabi/10.3.1/../../../../arm-none-eabi/lib/thumb/v7-m/nofp\libc_nano.a(lib_a-init.o)
                0x000000000800235c                __libc_init_array
 .text.memset   0x00000000080023a4       0x10 c:/st/stm32cubeide_1.12.1/stm32cubeide/plugins/com.st.stm32cube.ide.mcu.externaltools.gnu-tools-for-stm32.10.3-2021.10.win32_1.0.200.202301161003/tools/bin/../lib/gcc/arm-none-eabi/10.3.1/../../../../arm-none-eabi/lib/thumb/v7-m/nofp\libc_nano.a(lib_a-memset.o)
                0x00000000080023a4                memset
 *(.glue_7)
 .glue_7        0x00000000080023b4        0x0 linker stubs
 *(.glue_7t)
 .glue_7t       0x00000000080023b4        0x0 linker stubs
 *(.eh_frame)
 .eh_frame      0x00000000080023b4        0x0 c:/st/stm32cubeide_1.12.1/stm32cubeide/plugins/com.st.stm32cube.ide.mcu.externaltools.gnu-tools-for-stm32.10.3-2021.10.win32_1.0.200.202301161003/tools/bin/../lib/gcc/arm-none-eabi/10.3.1/thumb/v7-m/nofp/crtbegin.o
 *(.init)
 .init          0x00000000080023b4        0x4 c:/st/stm32cubeide_1.12.1/stm32cubeide/plugins/com.st.stm32cube.ide.mcu.externaltools.gnu-tools-for-stm32.10.3-2021.10.win32_1.0.200.202301161003/tools/bin/../lib/gcc/arm-none-eabi/10.3.1/thumb/v7-m/nofp/crti.o
                0x00000000080023b4                _init
 .init          0x00000000080023b8        0x8 c:/st/stm32cubeide_1.12.1/stm32cubeide/plugins/com.st.stm32cube.ide.mcu.externaltools.gnu-tools-for-stm32.10.3-2021.10.win32_1.0.200.202301161003/tools/bin/../lib/gcc/arm-none-eabi/10.3.1/thumb/v7-m/nofp/crtn.o
 *(.fini)
 .fini          0x00000000080023c0        0x4 c:/st/stm32cubeide_1.12.1/stm32cubeide/plugins/com.st.stm32cube.ide.mcu.externaltools.gnu-tools-for-stm32.10.3-2021.10.win32_1.0.200.202301161003/tools/bin/../lib/gcc/arm-none-eabi/10.3.1/thumb/v7-m/nofp/crti.o
                0x00000000080023c0                _fini
 .fini          0x00000000080023c4        0x8 c:/st/stm32cubeide_1.12.1/stm32cubeide/plugins/com.st.stm32cube.ide.mcu.externaltools.gnu-tools-for-stm32.10.3-2021.10.win32_1.0.200.202301161003/tools/bin/../lib/gcc/arm-none-eabi/10.3.1/thumb/v7-m/nofp/crtn.o
                0x00000000080023cc                . = ALIGN (0x4)
                0x00000000080023cc                _etext = .

.vfp11_veneer   0x00000000080023cc        0x0
 .vfp11_veneer  0x00000000080023cc        0x0 linker stubs

.v4_bx          0x00000000080023cc        0x0
 .v4_bx         0x00000000080023cc        0x0 linker stubs

.iplt           0x00000000080023cc        0x0
 .iplt          0x00000000080023cc        0x0 c:/st/stm32cubeide_1.12.1/stm32cubeide/plugins/com.st.stm32cube.ide.mcu.externaltools.gnu-tools-for-stm32.10.3-2021.10.win32_1.0.200.202301161003/tools/bin/../lib/gcc/arm-none-eabi/10.3.1/thumb/v7-m/nofp/crtbegin.o

.rodata         0x00000000080023cc       0x64
                0x00000000080023cc                . = ALIGN (0x4)
 *(.rodata)
 .rodata        0x00000000080023cc       0x19 ./Core/Src/main.o
 *fill*         0x00000000080023e5        0x3 
 .rodata        0x00000000080023e8       0x10 ./ECUAL/I2C_LCD/I2C_LCD.o
 *(.rodata*)
 .rodata.AHBPrescTable
                0x00000000080023f8       0x10 ./Core/Src/system_stm32f1xx.o
                0x00000000080023f8                AHBPrescTable
 .rodata.APBPrescTable
                0x0000000008002408        0x8 ./Core/Src/system_stm32f1xx.o
                0x0000000008002408                APBPrescTable
 .rodata.aPLLMULFactorTable.1
                0x0000000008002410       0x10 ./Drivers/STM32F1xx_HAL_Driver/Src/stm32f1xx_hal_rcc.o
 .rodata.aPredivFactorTable.0
                0x0000000008002420        0x2 ./Drivers/STM32F1xx_HAL_Driver/Src/stm32f1xx_hal_rcc.o
 *fill*         0x0000000008002422        0x2 
 .rodata.I2C_LCD_CfgParam
                0x0000000008002424        0xc ./ECUAL/I2C_LCD/I2C_LCD_cfg.o
                0x0000000008002424                I2C_LCD_CfgParam
                0x0000000008002430                . = ALIGN (0x4)

.rel.dyn        0x0000000008002430        0x0
 .rel.iplt      0x0000000008002430        0x0 c:/st/stm32cubeide_1.12.1/stm32cubeide/plugins/com.st.stm32cube.ide.mcu.externaltools.gnu-tools-for-stm32.10.3-2021.10.win32_1.0.200.202301161003/tools/bin/../lib/gcc/arm-none-eabi/10.3.1/thumb/v7-m/nofp/crtbegin.o

.ARM.extab      0x0000000008002430        0x0
                0x0000000008002430                . = ALIGN (0x4)
 *(.ARM.extab* .gnu.linkonce.armextab.*)
                0x0000000008002430                . = ALIGN (0x4)

.ARM            0x0000000008002430        0x0
                0x0000000008002430                . = ALIGN (0x4)
                0x0000000008002430                __exidx_start = .
 *(.ARM.exidx*)
                0x0000000008002430                __exidx_end = .
                0x0000000008002430                . = ALIGN (0x4)

.preinit_array  0x0000000008002430        0x0
                0x0000000008002430                . = ALIGN (0x4)
                0x0000000008002430                PROVIDE (__preinit_array_start = .)
 *(.preinit_array*)
                0x0000000008002430                PROVIDE (__preinit_array_end = .)
                0x0000000008002430                . = ALIGN (0x4)

.init_array     0x0000000008002430        0x4
                0x0000000008002430                . = ALIGN (0x4)
                0x0000000008002430                PROVIDE (__init_array_start = .)
 *(SORT_BY_NAME(.init_array.*))
 *(.init_array*)
 .init_array    0x0000000008002430        0x4 c:/st/stm32cubeide_1.12.1/stm32cubeide/plugins/com.st.stm32cube.ide.mcu.externaltools.gnu-tools-for-stm32.10.3-2021.10.win32_1.0.200.202301161003/tools/bin/../lib/gcc/arm-none-eabi/10.3.1/thumb/v7-m/nofp/crtbegin.o
                0x0000000008002434                PROVIDE (__init_array_end = .)
                0x0000000008002434                . = ALIGN (0x4)

.fini_array     0x0000000008002434        0x4
                0x0000000008002434                . = ALIGN (0x4)
                [!provide]                        PROVIDE (__fini_array_start = .)
 *(SORT_BY_NAME(.fini_array.*))
 *(.fini_array*)
 .fini_array    0x0000000008002434        0x4 c:/st/stm32cubeide_1.12.1/stm32cubeide/plugins/com.st.stm32cube.ide.mcu.externaltools.gnu-tools-for-stm32.10.3-2021.10.win32_1.0.200.202301161003/tools/bin/../lib/gcc/arm-none-eabi/10.3.1/thumb/v7-m/nofp/crtbegin.o
                [!provide]                        PROVIDE (__fini_array_end = .)
                0x0000000008002438                . = ALIGN (0x4)
                0x0000000008002438                _sidata = LOADADDR (.data)

.data           0x0000000020000000       0x1c load address 0x0000000008002438
                0x0000000020000000                . = ALIGN (0x4)
                0x0000000020000000                _sdata = .
 *(.data)
 *(.data*)
 .data.HeartChar
                0x0000000020000000        0x8 ./Core/Src/main.o
                0x0000000020000000                HeartChar
 .data.SmileyFaceChar
                0x0000000020000008        0x8 ./Core/Src/main.o
                0x0000000020000008                SmileyFaceChar
 .data.SystemCoreClock
                0x0000000020000010        0x4 ./Core/Src/system_stm32f1xx.o
                0x0000000020000010                SystemCoreClock
 .data.uwTickPrio
                0x0000000020000014        0x4 ./Drivers/STM32F1xx_HAL_Driver/Src/stm32f1xx_hal.o
                0x0000000020000014                uwTickPrio
 .data.uwTickFreq
                0x0000000020000018        0x1 ./Drivers/STM32F1xx_HAL_Driver/Src/stm32f1xx_hal.o
                0x0000000020000018                uwTickFreq
 *(.RamFunc)
 *(.RamFunc*)
                0x000000002000001c                . = ALIGN (0x4)
 *fill*         0x0000000020000019        0x3 
                0x000000002000001c                _edata = .

.igot.plt       0x000000002000001c        0x0 load address 0x0000000008002454
 .igot.plt      0x000000002000001c        0x0 c:/st/stm32cubeide_1.12.1/stm32cubeide/plugins/com.st.stm32cube.ide.mcu.externaltools.gnu-tools-for-stm32.10.3-2021.10.win32_1.0.200.202301161003/tools/bin/../lib/gcc/arm-none-eabi/10.3.1/thumb/v7-m/nofp/crtbegin.o
                0x000000002000001c                . = ALIGN (0x4)

.bss            0x000000002000001c       0x78 load address 0x0000000008002454
                0x000000002000001c                _sbss = .
                0x000000002000001c                __bss_start__ = _sbss
 *(.bss)
 .bss           0x000000002000001c       0x1c c:/st/stm32cubeide_1.12.1/stm32cubeide/plugins/com.st.stm32cube.ide.mcu.externaltools.gnu-tools-for-stm32.10.3-2021.10.win32_1.0.200.202301161003/tools/bin/../lib/gcc/arm-none-eabi/10.3.1/thumb/v7-m/nofp/crtbegin.o
 *(.bss*)
 .bss.hi2c1     0x0000000020000038       0x54 ./Core/Src/main.o
                0x0000000020000038                hi2c1
 .bss.uwTick    0x000000002000008c        0x4 ./Drivers/STM32F1xx_HAL_Driver/Src/stm32f1xx_hal.o
                0x000000002000008c                uwTick
 .bss.I2C_LCD_InfoParam_g
                0x0000000020000090        0x2 ./ECUAL/I2C_LCD/I2C_LCD.o
 *(COMMON)
                0x0000000020000094                . = ALIGN (0x4)
 *fill*         0x0000000020000092        0x2 
                0x0000000020000094                _ebss = .
                0x0000000020000094                __bss_end__ = _ebss

._user_heap_stack
                0x0000000020000094      0x604 load address 0x0000000008002454
                0x0000000020000098                . = ALIGN (0x8)
 *fill*         0x0000000020000094        0x4 
                [!provide]                        PROVIDE (end = .)
                0x0000000020000098                PROVIDE (_end = .)
                0x0000000020000298                . = (. + _Min_Heap_Size)
 *fill*         0x0000000020000098      0x200 
                0x0000000020000698                . = (. + _Min_Stack_Size)
 *fill*         0x0000000020000298      0x400 
                0x0000000020000698                . = ALIGN (0x8)

/DISCARD/
 libc.a(*)
 libm.a(*)
 libgcc.a(*)

.ARM.attributes
                0x0000000000000000       0x29
 *(.ARM.attributes)
 .ARM.attributes
                0x0000000000000000       0x1d c:/st/stm32cubeide_1.12.1/stm32cubeide/plugins/com.st.stm32cube.ide.mcu.externaltools.gnu-tools-for-stm32.10.3-2021.10.win32_1.0.200.202301161003/tools/bin/../lib/gcc/arm-none-eabi/10.3.1/thumb/v7-m/nofp/crti.o
 .ARM.attributes
                0x000000000000001d       0x2d c:/st/stm32cubeide_1.12.1/stm32cubeide/plugins/com.st.stm32cube.ide.mcu.externaltools.gnu-tools-for-stm32.10.3-2021.10.win32_1.0.200.202301161003/tools/bin/../lib/gcc/arm-none-eabi/10.3.1/thumb/v7-m/nofp/crtbegin.o
 .ARM.attributes
                0x000000000000004a       0x2d ./Core/Src/main.o
 .ARM.attributes
                0x0000000000000077       0x2d ./Core/Src/stm32f1xx_hal_msp.o
 .ARM.attributes
                0x00000000000000a4       0x2d ./Core/Src/stm32f1xx_it.o
 .ARM.attributes
                0x00000000000000d1       0x2d ./Core/Src/system_stm32f1xx.o
 .ARM.attributes
                0x00000000000000fe       0x21 ./Core/Startup/startup_stm32f103c8tx.o
 .ARM.attributes
                0x000000000000011f       0x2d ./Drivers/STM32F1xx_HAL_Driver/Src/stm32f1xx_hal.o
 .ARM.attributes
                0x000000000000014c       0x2d ./Drivers/STM32F1xx_HAL_Driver/Src/stm32f1xx_hal_cortex.o
 .ARM.attributes
                0x0000000000000179       0x2d ./Drivers/STM32F1xx_HAL_Driver/Src/stm32f1xx_hal_gpio.o
 .ARM.attributes
                0x00000000000001a6       0x2d ./Drivers/STM32F1xx_HAL_Driver/Src/stm32f1xx_hal_i2c.o
 .ARM.attributes
                0x00000000000001d3       0x2d ./Drivers/STM32F1xx_HAL_Driver/Src/stm32f1xx_hal_rcc.o
 .ARM.attributes
                0x0000000000000200       0x2d ./ECUAL/I2C_LCD/I2C_LCD.o
 .ARM.attributes
                0x000000000000022d       0x2d ./ECUAL/I2C_LCD/I2C_LCD_cfg.o
 .ARM.attributes
                0x000000000000025a       0x2d c:/st/stm32cubeide_1.12.1/stm32cubeide/plugins/com.st.stm32cube.ide.mcu.externaltools.gnu-tools-for-stm32.10.3-2021.10.win32_1.0.200.202301161003/tools/bin/../lib/gcc/arm-none-eabi/10.3.1/../../../../arm-none-eabi/lib/thumb/v7-m/nofp\libc_nano.a(lib_a-init.o)
 .ARM.attributes
                0x0000000000000287       0x2d c:/st/stm32cubeide_1.12.1/stm32cubeide/plugins/com.st.stm32cube.ide.mcu.externaltools.gnu-tools-for-stm32.10.3-2021.10.win32_1.0.200.202301161003/tools/bin/../lib/gcc/arm-none-eabi/10.3.1/../../../../arm-none-eabi/lib/thumb/v7-m/nofp\libc_nano.a(lib_a-memset.o)
 .ARM.attributes
                0x00000000000002b4       0x1d c:/st/stm32cubeide_1.12.1/stm32cubeide/plugins/com.st.stm32cube.ide.mcu.externaltools.gnu-tools-for-stm32.10.3-2021.10.win32_1.0.200.202301161003/tools/bin/../lib/gcc/arm-none-eabi/10.3.1/thumb/v7-m/nofp/crtn.o
OUTPUT(I2C_LCD_Example.elf elf32-littlearm)
LOAD linker stubs
LOAD c:/st/stm32cubeide_1.12.1/stm32cubeide/plugins/com.st.stm32cube.ide.mcu.externaltools.gnu-tools-for-stm32.10.3-2021.10.win32_1.0.200.202301161003/tools/bin/../lib/gcc/arm-none-eabi/10.3.1/../../../../arm-none-eabi/lib/thumb/v7-m/nofp\libc.a
LOAD c:/st/stm32cubeide_1.12.1/stm32cubeide/plugins/com.st.stm32cube.ide.mcu.externaltools.gnu-tools-for-stm32.10.3-2021.10.win32_1.0.200.202301161003/tools/bin/../lib/gcc/arm-none-eabi/10.3.1/../../../../arm-none-eabi/lib/thumb/v7-m/nofp\libm.a
LOAD c:/st/stm32cubeide_1.12.1/stm32cubeide/plugins/com.st.stm32cube.ide.mcu.externaltools.gnu-tools-for-stm32.10.3-2021.10.win32_1.0.200.202301161003/tools/bin/../lib/gcc/arm-none-eabi/10.3.1/thumb/v7-m/nofp\libgcc.a

.debug_info     0x0000000000000000     0x7247
 .debug_info    0x0000000000000000      0xa86 ./Core/Src/main.o
 .debug_info    0x0000000000000a86      0x82b ./Core/Src/stm32f1xx_hal_msp.o
 .debug_info    0x00000000000012b1      0x122 ./Core/Src/stm32f1xx_it.o
 .debug_info    0x00000000000013d3      0x23d ./Core/Src/system_stm32f1xx.o
 .debug_info    0x0000000000001610       0x22 ./Core/Startup/startup_stm32f103c8tx.o
 .debug_info    0x0000000000001632      0x734 ./Drivers/STM32F1xx_HAL_Driver/Src/stm32f1xx_hal.o
 .debug_info    0x0000000000001d66      0xb20 ./Drivers/STM32F1xx_HAL_Driver/Src/stm32f1xx_hal_cortex.o
 .debug_info    0x0000000000002886      0x615 ./Drivers/STM32F1xx_HAL_Driver/Src/stm32f1xx_hal_gpio.o
 .debug_info    0x0000000000002e9b     0x2761 ./Drivers/STM32F1xx_HAL_Driver/Src/stm32f1xx_hal_i2c.o
 .debug_info    0x00000000000055fc      0x865 ./Drivers/STM32F1xx_HAL_Driver/Src/stm32f1xx_hal_rcc.o
 .debug_info    0x0000000000005e61      0xda7 ./ECUAL/I2C_LCD/I2C_LCD.o
 .debug_info    0x0000000000006c08      0x63f ./ECUAL/I2C_LCD/I2C_LCD_cfg.o

.debug_abbrev   0x0000000000000000     0x147b
 .debug_abbrev  0x0000000000000000      0x250 ./Core/Src/main.o
 .debug_abbrev  0x0000000000000250      0x182 ./Core/Src/stm32f1xx_hal_msp.o
 .debug_abbrev  0x00000000000003d2       0x74 ./Core/Src/stm32f1xx_it.o
 .debug_abbrev  0x0000000000000446      0x13b ./Core/Src/system_stm32f1xx.o
 .debug_abbrev  0x0000000000000581       0x12 ./Core/Startup/startup_stm32f103c8tx.o
 .debug_abbrev  0x0000000000000593      0x1fb ./Drivers/STM32F1xx_HAL_Driver/Src/stm32f1xx_hal.o
 .debug_abbrev  0x000000000000078e      0x2ed ./Drivers/STM32F1xx_HAL_Driver/Src/stm32f1xx_hal_cortex.o
 .debug_abbrev  0x0000000000000a7b      0x1bb ./Drivers/STM32F1xx_HAL_Driver/Src/stm32f1xx_hal_gpio.o
 .debug_abbrev  0x0000000000000c36      0x288 ./Drivers/STM32F1xx_HAL_Driver/Src/stm32f1xx_hal_i2c.o
 .debug_abbrev  0x0000000000000ebe      0x2a8 ./Drivers/STM32F1xx_HAL_Driver/Src/stm32f1xx_hal_rcc.o
 .debug_abbrev  0x0000000000001166      0x1ee ./ECUAL/I2C_LCD/I2C_LCD.o
 .debug_abbrev  0x0000000000001354      0x127 ./ECUAL/I2C_LCD/I2C_LCD_cfg.o

.debug_aranges  0x0000000000000000      0x780
 .debug_aranges
                0x0000000000000000       0x40 ./Core/Src/main.o
 .debug_aranges
                0x0000000000000040       0x30 ./Core/Src/stm32f1xx_hal_msp.o
 .debug_aranges
                0x0000000000000070       0x60 ./Core/Src/stm32f1xx_it.o
 .debug_aranges
                0x00000000000000d0       0x28 ./Core/Src/system_stm32f1xx.o
 .debug_aranges
                0x00000000000000f8       0x28 ./Core/Startup/startup_stm32f103c8tx.o
 .debug_aranges
                0x0000000000000120       0xe0 ./Drivers/STM32F1xx_HAL_Driver/Src/stm32f1xx_hal.o
 .debug_aranges
                0x0000000000000200      0x100 ./Drivers/STM32F1xx_HAL_Driver/Src/stm32f1xx_hal_cortex.o
 .debug_aranges
                0x0000000000000300       0x58 ./Drivers/STM32F1xx_HAL_Driver/Src/stm32f1xx_hal_gpio.o
 .debug_aranges
                0x0000000000000358      0x2a8 ./Drivers/STM32F1xx_HAL_Driver/Src/stm32f1xx_hal_i2c.o
 .debug_aranges
                0x0000000000000600       0x90 ./Drivers/STM32F1xx_HAL_Driver/Src/stm32f1xx_hal_rcc.o
 .debug_aranges
                0x0000000000000690       0xd8 ./ECUAL/I2C_LCD/I2C_LCD.o
 .debug_aranges
                0x0000000000000768       0x18 ./ECUAL/I2C_LCD/I2C_LCD_cfg.o

.debug_ranges   0x0000000000000000      0x6d8
 .debug_ranges  0x0000000000000000       0x30 ./Core/Src/main.o
 .debug_ranges  0x0000000000000030       0x20 ./Core/Src/stm32f1xx_hal_msp.o
 .debug_ranges  0x0000000000000050       0x50 ./Core/Src/stm32f1xx_it.o
 .debug_ranges  0x00000000000000a0       0x18 ./Core/Src/system_stm32f1xx.o
 .debug_ranges  0x00000000000000b8       0x20 ./Core/Startup/startup_stm32f103c8tx.o
 .debug_ranges  0x00000000000000d8       0xd0 ./Drivers/STM32F1xx_HAL_Driver/Src/stm32f1xx_hal.o
 .debug_ranges  0x00000000000001a8       0xf0 ./Drivers/STM32F1xx_HAL_Driver/Src/stm32f1xx_hal_cortex.o
 .debug_ranges  0x0000000000000298       0x48 ./Drivers/STM32F1xx_HAL_Driver/Src/stm32f1xx_hal_gpio.o
 .debug_ranges  0x00000000000002e0      0x2b0 ./Drivers/STM32F1xx_HAL_Driver/Src/stm32f1xx_hal_i2c.o
 .debug_ranges  0x0000000000000590       0x80 ./Drivers/STM32F1xx_HAL_Driver/Src/stm32f1xx_hal_rcc.o
 .debug_ranges  0x0000000000000610       0xc8 ./ECUAL/I2C_LCD/I2C_LCD.o

.debug_macro    0x0000000000000000    0x1621a
 .debug_macro   0x0000000000000000      0x1a7 ./Core/Src/main.o
 .debug_macro   0x00000000000001a7      0xa6c ./Core/Src/main.o
 .debug_macro   0x0000000000000c13      0x215 ./Core/Src/main.o
 .debug_macro   0x0000000000000e28       0x2e ./Core/Src/main.o
 .debug_macro   0x0000000000000e56       0x22 ./Core/Src/main.o
 .debug_macro   0x0000000000000e78       0x22 ./Core/Src/main.o
 .debug_macro   0x0000000000000e9a       0x8e ./Core/Src/main.o
 .debug_macro   0x0000000000000f28       0x51 ./Core/Src/main.o
 .debug_macro   0x0000000000000f79      0x103 ./Core/Src/main.o
 .debug_macro   0x000000000000107c       0x6a ./Core/Src/main.o
 .debug_macro   0x00000000000010e6      0x1df ./Core/Src/main.o
 .debug_macro   0x00000000000012c5       0x1c ./Core/Src/main.o
 .debug_macro   0x00000000000012e1       0x22 ./Core/Src/main.o
 .debug_macro   0x0000000000001303       0xbd ./Core/Src/main.o
 .debug_macro   0x00000000000013c0      0xd23 ./Core/Src/main.o
 .debug_macro   0x00000000000020e3     0xe09e ./Core/Src/main.o
 .debug_macro   0x0000000000010181       0x6d ./Core/Src/main.o
 .debug_macro   0x00000000000101ee     0x348d ./Core/Src/main.o
 .debug_macro   0x000000000001367b      0x174 ./Core/Src/main.o
 .debug_macro   0x00000000000137ef       0x5c ./Core/Src/main.o
 .debug_macro   0x000000000001384b      0x5bc ./Core/Src/main.o
 .debug_macro   0x0000000000013e07      0x289 ./Core/Src/main.o
 .debug_macro   0x0000000000014090      0x1cb ./Core/Src/main.o
 .debug_macro   0x000000000001425b      0x114 ./Core/Src/main.o
 .debug_macro   0x000000000001436f      0x1b2 ./Core/Src/main.o
 .debug_macro   0x0000000000014521       0x27 ./Core/Src/main.o
 .debug_macro   0x0000000000014548      0x136 ./Core/Src/main.o
 .debug_macro   0x000000000001467e      0x1bc ./Core/Src/main.o
 .debug_macro   0x000000000001483a       0x34 ./Core/Src/main.o
 .debug_macro   0x000000000001486e       0x3c ./Core/Src/main.o
 .debug_macro   0x00000000000148aa       0x57 ./Core/Src/main.o
 .debug_macro   0x0000000000014901       0x87 ./Core/Src/main.o
 .debug_macro   0x0000000000014988      0x240 ./Core/Src/main.o
 .debug_macro   0x0000000000014bc8      0x287 ./Core/Src/main.o
 .debug_macro   0x0000000000014e4f      0x140 ./Core/Src/main.o
 .debug_macro   0x0000000000014f8f       0x83 ./Core/Src/main.o
 .debug_macro   0x0000000000015012       0x16 ./Core/Src/main.o
 .debug_macro   0x0000000000015028      0x198 ./Core/Src/stm32f1xx_hal_msp.o
 .debug_macro   0x00000000000151c0      0x1a2 ./Core/Src/stm32f1xx_it.o
 .debug_macro   0x0000000000015362      0x18e ./Core/Src/system_stm32f1xx.o
 .debug_macro   0x00000000000154f0      0x1b2 ./Drivers/STM32F1xx_HAL_Driver/Src/stm32f1xx_hal.o
 .debug_macro   0x00000000000156a2      0x18e ./Drivers/STM32F1xx_HAL_Driver/Src/stm32f1xx_hal_cortex.o
 .debug_macro   0x0000000000015830      0x1f9 ./Drivers/STM32F1xx_HAL_Driver/Src/stm32f1xx_hal_gpio.o
 .debug_macro   0x0000000000015a29      0x1dc ./Drivers/STM32F1xx_HAL_Driver/Src/stm32f1xx_hal_i2c.o
 .debug_macro   0x0000000000015c05      0x1a0 ./Drivers/STM32F1xx_HAL_Driver/Src/stm32f1xx_hal_rcc.o
 .debug_macro   0x0000000000015da5      0x280 ./ECUAL/I2C_LCD/I2C_LCD.o
 .debug_macro   0x0000000000016025       0x10 ./ECUAL/I2C_LCD/I2C_LCD.o
 .debug_macro   0x0000000000016035       0x3a ./ECUAL/I2C_LCD/I2C_LCD.o
 .debug_macro   0x000000000001606f      0x1ab ./ECUAL/I2C_LCD/I2C_LCD_cfg.o

.debug_line     0x0000000000000000     0x91cb
 .debug_line    0x0000000000000000      0x804 ./Core/Src/main.o
 .debug_line    0x0000000000000804      0x691 ./Core/Src/stm32f1xx_hal_msp.o
 .debug_line    0x0000000000000e95      0x70a ./Core/Src/stm32f1xx_it.o
 .debug_line    0x000000000000159f      0x6c6 ./Core/Src/system_stm32f1xx.o
 .debug_line    0x0000000000001c65       0x86 ./Core/Startup/startup_stm32f103c8tx.o
 .debug_line    0x0000000000001ceb      0x8f3 ./Drivers/STM32F1xx_HAL_Driver/Src/stm32f1xx_hal.o
 .debug_line    0x00000000000025de      0xadb ./Drivers/STM32F1xx_HAL_Driver/Src/stm32f1xx_hal_cortex.o
 .debug_line    0x00000000000030b9      0x98c ./Drivers/STM32F1xx_HAL_Driver/Src/stm32f1xx_hal_gpio.o
 .debug_line    0x0000000000003a45     0x3a59 ./Drivers/STM32F1xx_HAL_Driver/Src/stm32f1xx_hal_i2c.o
 .debug_line    0x000000000000749e      0xcff ./Drivers/STM32F1xx_HAL_Driver/Src/stm32f1xx_hal_rcc.o
 .debug_line    0x000000000000819d      0x9e2 ./ECUAL/I2C_LCD/I2C_LCD.o
 .debug_line    0x0000000000008b7f      0x64c ./ECUAL/I2C_LCD/I2C_LCD_cfg.o

.debug_str      0x0000000000000000    0x7eac6
 .debug_str     0x0000000000000000    0x7c840 ./Core/Src/main.o
                                      0x7cbea (size before relaxing)
 .debug_str     0x000000000007c840       0xae ./Core/Src/stm32f1xx_hal_msp.o
                                      0x7c939 (size before relaxing)
 .debug_str     0x000000000007c8ee       0xc9 ./Core/Src/stm32f1xx_it.o
                                      0x7c478 (size before relaxing)
 .debug_str     0x000000000007c9b7       0x7e ./Core/Src/system_stm32f1xx.o
                                      0x7c48e (size before relaxing)
 .debug_str     0x000000000007ca35       0x36 ./Core/Startup/startup_stm32f103c8tx.o
                                         0x6a (size before relaxing)
 .debug_str     0x000000000007ca6b      0x607 ./Drivers/STM32F1xx_HAL_Driver/Src/stm32f1xx_hal.o
                                      0x7cbc1 (size before relaxing)
 .debug_str     0x000000000007d072      0x2c5 ./Drivers/STM32F1xx_HAL_Driver/Src/stm32f1xx_hal_cortex.o
                                      0x7cb0d (size before relaxing)
 .debug_str     0x000000000007d337      0x346 ./Drivers/STM32F1xx_HAL_Driver/Src/stm32f1xx_hal_gpio.o
                                      0x7c814 (size before relaxing)
 .debug_str     0x000000000007d67d      0xbe0 ./Drivers/STM32F1xx_HAL_Driver/Src/stm32f1xx_hal_i2c.o
                                      0x7d555 (size before relaxing)
 .debug_str     0x000000000007e25d      0x209 ./Drivers/STM32F1xx_HAL_Driver/Src/stm32f1xx_hal_rcc.o
                                      0x7c8bd (size before relaxing)
 .debug_str     0x000000000007e466      0x641 ./ECUAL/I2C_LCD/I2C_LCD.o
                                      0x7d05d (size before relaxing)
 .debug_str     0x000000000007eaa7       0x1f ./ECUAL/I2C_LCD/I2C_LCD_cfg.o
                                      0x7c901 (size before relaxing)

.comment        0x0000000000000000       0x50
 .comment       0x0000000000000000       0x50 ./Core/Src/main.o
                                         0x51 (size before relaxing)
 .comment       0x0000000000000050       0x51 ./Core/Src/stm32f1xx_hal_msp.o
 .comment       0x0000000000000050       0x51 ./Core/Src/stm32f1xx_it.o
 .comment       0x0000000000000050       0x51 ./Core/Src/system_stm32f1xx.o
 .comment       0x0000000000000050       0x51 ./Drivers/STM32F1xx_HAL_Driver/Src/stm32f1xx_hal.o
 .comment       0x0000000000000050       0x51 ./Drivers/STM32F1xx_HAL_Driver/Src/stm32f1xx_hal_cortex.o
 .comment       0x0000000000000050       0x51 ./Drivers/STM32F1xx_HAL_Driver/Src/stm32f1xx_hal_gpio.o
 .comment       0x0000000000000050       0x51 ./Drivers/STM32F1xx_HAL_Driver/Src/stm32f1xx_hal_i2c.o
 .comment       0x0000000000000050       0x51 ./Drivers/STM32F1xx_HAL_Driver/Src/stm32f1xx_hal_rcc.o
 .comment       0x0000000000000050       0x51 ./ECUAL/I2C_LCD/I2C_LCD.o
 .comment       0x0000000000000050       0x51 ./ECUAL/I2C_LCD/I2C_LCD_cfg.o

.debug_frame    0x0000000000000000     0x1d8c
 .debug_frame   0x0000000000000000       0xac ./Core/Src/main.o
 .debug_frame   0x00000000000000ac       0x80 ./Core/Src/stm32f1xx_hal_msp.o
 .debug_frame   0x000000000000012c      0x104 ./Core/Src/stm32f1xx_it.o
 .debug_frame   0x0000000000000230       0x58 ./Core/Src/system_stm32f1xx.o
 .debug_frame   0x0000000000000288      0x334 ./Drivers/STM32F1xx_HAL_Driver/Src/stm32f1xx_hal.o
 .debug_frame   0x00000000000005bc      0x428 ./Drivers/STM32F1xx_HAL_Driver/Src/stm32f1xx_hal_cortex.o
 .debug_frame   0x00000000000009e4      0x14c ./Drivers/STM32F1xx_HAL_Driver/Src/stm32f1xx_hal_gpio.o
 .debug_frame   0x0000000000000b30      0xc84 ./Drivers/STM32F1xx_HAL_Driver/Src/stm32f1xx_hal_i2c.o
 .debug_frame   0x00000000000017b4      0x218 ./Drivers/STM32F1xx_HAL_Driver/Src/stm32f1xx_hal_rcc.o
 .debug_frame   0x00000000000019cc      0x374 ./ECUAL/I2C_LCD/I2C_LCD.o
 .debug_frame   0x0000000000001d40       0x2c c:/st/stm32cubeide_1.12.1/stm32cubeide/plugins/com.st.stm32cube.ide.mcu.externaltools.gnu-tools-for-stm32.10.3-2021.10.win32_1.0.200.202301161003/tools/bin/../lib/gcc/arm-none-eabi/10.3.1/../../../../arm-none-eabi/lib/thumb/v7-m/nofp\libc_nano.a(lib_a-init.o)
 .debug_frame   0x0000000000001d6c       0x20 c:/st/stm32cubeide_1.12.1/stm32cubeide/plugins/com.st.stm32cube.ide.mcu.externaltools.gnu-tools-for-stm32.10.3-2021.10.win32_1.0.200.202301161003/tools/bin/../lib/gcc/arm-none-eabi/10.3.1/../../../../arm-none-eabi/lib/thumb/v7-m/nofp\libc_nano.a(lib_a-memset.o)
